<?xml version="1.0"?>
<testsuites>
  <testsuite name="Chrome 25.0 (Windows)" package="undefined" timestamp="2013-02-25T17:16:50" id="0" hostname="ppdell" tests="1" errors="0" failures="1" time="NaN">
    <properties>
      <property name="browser.fullName" value="Mozilla/5.0 (Windows NT 6.2; WOW64) AppleWebKit/537.22 (KHTML, like Gecko) Chrome/25.0.1364.97 Safari/537.22"/>
    </properties>
    <testcase name="should create a fake &quot;coupons&quot; model with 3 elements" time="NaN" classname="Chrome 25.0 (Windows).fmpApp fmpApp fmpApp_coupon couponListController">
      <failure type="">Unexpected request: GET /coupons
No more request expected
Error: Unexpected request: GET /coupons
No more request expected
    at Error (&lt;anonymous&gt;)
    at $httpBackend (C:/Users/pp/Desarrollo/WORKSPACES/FMP/test/client/mocks/angular-mocks.js:887:9)
    at sendReq (C:/Users/pp/Desarrollo/WORKSPACES/FMP/src/app/public/js/lib/angular/angular.js:8977:9)
    at $http (C:/Users/pp/Desarrollo/WORKSPACES/FMP/src/app/public/js/lib/angular/angular.js:8768:17)
    at Function.Resource.(anonymous function) [as query] (C:/Users/pp/Desarrollo/WORKSPACES/FMP/src/app/public/js/lib/angular/angular-resource.js:375:11)
    at Object.getCoupons (C:/Users/pp/Desarrollo/WORKSPACES/FMP/src/app/public/js/fmpApp.coupon.coffee-compiled.js:15:38)
    at new &lt;anonymous&gt; (C:/Users/pp/Desarrollo/WORKSPACES/FMP/src/app/public/js/fmpApp.coupon.coffee-compiled.js:7:43)
    at invoke (C:/Users/pp/Desarrollo/WORKSPACES/FMP/src/app/public/js/lib/angular/angular.js:2820:28)
    at Object.instantiate (C:/Users/pp/Desarrollo/WORKSPACES/FMP/src/app/public/js/lib/angular/angular.js:2830:23)
    at C:/Users/pp/Desarrollo/WORKSPACES/FMP/src/app/public/js/lib/angular/angular.js:4657:24
Error: Declaration Location
    at window.inject.angular.mock.inject (C:/Users/pp/Desarrollo/WORKSPACES/FMP/test/client/mocks/angular-mocks.js:1717:25)
    at C:/Users/pp/Desarrollo/WORKSPACES/FMP/test/client/coupons.spec.coffee-compiled.js:14:75
    at C:/Users/pp/Desarrollo/WORKSPACES/FMP/test/client/coupons.spec.coffee-compiled.js:13:12
    at C:/Users/pp/Desarrollo/WORKSPACES/FMP/test/client/coupons.spec.coffee-compiled.js:10:10
    at C:/Users/pp/Desarrollo/WORKSPACES/FMP/test/client/coupons.spec.coffee-compiled.js:9:1
</failure>
    </testcase>
    <system-out/>
    <system-err/>
  </testsuite>
</testsuites>
